###############################################################################
#
# IAR ELF Linker V9.10.2.313/W64 for ARM                  04/Jul/2021  16:31:18
# Copyright 2007-2021 IAR Systems AB.
#
#    Output file  =
#        D:\test\fsoft_fresher\embedded\Assignment6_TuLT16\project\Debug\Exe\assignment6_TuLT16.out
#    Map file     =
#        D:\test\fsoft_fresher\embedded\Assignment6_TuLT16\project\Debug\List\assignment6_TuLT16.map
#    Command line =
#        -f
#        D:\test\fsoft_fresher\embedded\Assignment6_TuLT16\project\Debug\Exe\assignment6_TuLT16.out.rsp
#        (D:\test\fsoft_fresher\embedded\Assignment6_TuLT16\project\Debug\Obj\source\App\App.o
#        D:\test\fsoft_fresher\embedded\Assignment6_TuLT16\project\Debug\Obj\source\Queue\Queue.o
#        "D:\test\fsoft_fresher\embedded\Assignment6_TuLT16\project\Debug\Obj\source\Srec
#        parse\SrecPase.o"
#        D:\test\fsoft_fresher\embedded\Assignment6_TuLT16\project\Debug\Obj\startup\startup_MKL46Z4.o
#        D:\test\fsoft_fresher\embedded\Assignment6_TuLT16\project\Debug\Obj\startup\system_MKL46Z4.o
#        D:\test\fsoft_fresher\embedded\Assignment6_TuLT16\project\Debug\Obj\source\UART0\UARTO.o
#        --no_out_extension -o
#        D:\test\fsoft_fresher\embedded\Assignment6_TuLT16\project\Debug\Exe\assignment6_TuLT16.out
#        --map
#        D:\test\fsoft_fresher\embedded\Assignment6_TuLT16\project\Debug\List\assignment6_TuLT16.map
#        --config "C:\Program Files\IAR Systems\Embedded Workbench
#        9.0\arm\config\linker\NXP\MKL46Z256xxx4.icf" --semihosting --entry
#        __iar_program_start --vfe --text_out locale)
#
###############################################################################

*******************************************************************************
*** RUNTIME MODEL ATTRIBUTES
***

CppFlavor       = *
__SystemLibrary = DLib
__dlib_version  = 6


*******************************************************************************
*** HEAP SELECTION
***

The basic heap was selected because some modules are built with
size limitations (and not runtime checking), and --advanced_heap
was not specified.


*******************************************************************************
*** PLACEMENT SUMMARY
***

"A0":  place at address 0x0 { ro section .intvec };
"P1":  place in [from 0x0 to 0x3ff] |
                [from 0x410 to 0x3'ffff] { ro };
define block CSTACK with size = 2K, alignment = 8 { };
define block HEAP with size = 4K, alignment = 8 { };
"P3":  place in [from 0x1fff'e000 to 0x1fff'ffff] |
                [from 0x2000'0000 to 0x2000'5fff] {
          rw, block CSTACK, block HEAP };
"P5":  place in [from 0x400 to 0x40f] { section FlashConfig };
initialize by copy { rw };

No sections matched the following patterns:

  ro section application_specific_ro  in "P2|P4"
  rw section application_specific_rw  in "P2|P4"


  Section            Kind         Address   Size  Object
  -------            ----         -------   ----  ------
"A0":                                       0xc0
  .intvec            ro code          0x0   0xc0  startup_MKL46Z4.o [5]
                                   - 0xc0   0xc0

"P1", part 1 of 2:                         0x104
  .text              ro code         0xc0    0x2  startup_MKL46Z4.o [5]
  .text              ro code         0xc4    0xe  strlen.o [7]
  .text              ro code         0xd2   0xe0  I32DivModFast.o [7]
  .text              ro code        0x1b2    0x2  startup_MKL46Z4.o [5]
  .text              ro code        0x1b4    0x2  IntDivZer.o [7]
  .text              ro code        0x1b6    0x2  startup_MKL46Z4.o [5]
  Initializer bytes  const          0x1b8    0xc  <for P3 s0>
                                  - 0x1c4  0x104

"P5":                                       0x10
  FlashConfig        ro code        0x400   0x10  startup_MKL46Z4.o [5]
                                  - 0x410   0x10

"P1", part 2 of 2:                         0x770
  .text              ro code        0x410  0x2da  SrecPase.o [3]
  .text              ro code        0x6ec  0x2d4  UARTO.o [4]
  .text              ro code        0x9c0   0x3c  zero_init3.o [7]
  .text              ro code        0x9fc   0x30  copy_init3.o [7]
  .text              ro code        0xa2c   0x28  data_init.o [7]
  .text              ro code        0xa54   0x24  startup_MKL46Z4.o [5]
  .iar.init_table    const          0xa78   0x24  - Linker created -
  .text              ro code        0xa9c   0x1e  cmain.o [7]
  .text              ro code        0xaba    0x4  low_level_init.o [6]
  .text              ro code        0xabe    0x8  exit.o [6]
  .text              ro code        0xac6    0x2  startup_MKL46Z4.o [5]
  .text              ro code        0xac8    0xa  cexit.o [7]
  .text              ro code        0xad2    0x2  startup_MKL46Z4.o [5]
  .text              ro code        0xad4   0x14  exit.o [8]
  .text              ro code        0xae8   0x1c  cstartup_M.o [7]
  .text              ro code        0xb04    0xc  system_MKL46Z4.o [5]
  .rodata            const          0xb10    0x8  UARTO.o [4]
  .rodata            const          0xb18    0x8  UARTO.o [4]
  .text              ro code        0xb20    0x8  startup_MKL46Z4.o [5]
  .text              ro code        0xb28    0x8  startup_MKL46Z4.o [5]
  .text              ro code        0xb30    0x8  startup_MKL46Z4.o [5]
  .text              ro code        0xb38    0x8  startup_MKL46Z4.o [5]
  .text              ro code        0xb40    0x8  startup_MKL46Z4.o [5]
  .text              ro code        0xb48    0x8  startup_MKL46Z4.o [5]
  .text              ro code        0xb50    0x8  startup_MKL46Z4.o [5]
  .text              ro code        0xb58    0x8  startup_MKL46Z4.o [5]
  .text              ro code        0xb60    0x8  startup_MKL46Z4.o [5]
  .text              ro code        0xb68    0x8  startup_MKL46Z4.o [5]
  .text              ro code        0xb70    0x8  startup_MKL46Z4.o [5]
  .text              ro code        0xb78    0x8  startup_MKL46Z4.o [5]
  .rodata            const          0xb80    0x0  zero_init3.o [7]
  .rodata            const          0xb80    0x0  copy_init3.o [7]
                                  - 0xb80  0x770

"P3", part 1 of 3:                           0xc
  P3 s0                       0x1fff'e000    0xc  <Init block>
    .data            inited   0x1fff'e000    0x4  system_MKL46Z4.o [5]
    .data            inited   0x1fff'e004    0x4  UARTO.o [4]
    .data            inited   0x1fff'e008    0x4  UARTO.o [4]
                            - 0x1fff'e00c    0xc

"P3", part 2 of 3:                         0x194
  .bss               zero     0x1fff'e00c  0x12c  UARTO.o [4]
  .bss               zero     0x1fff'e138   0x64  UARTO.o [4]
  .bss               zero     0x1fff'e19c    0x1  UARTO.o [4]
                            - 0x1fff'e19d  0x191

"P3", part 3 of 3:                         0x800
  CSTACK                      0x1fff'e1a0  0x800  <Block>
    CSTACK           uninit   0x1fff'e1a0  0x800  <Block tail>
                            - 0x1fff'e9a0  0x800

Unused ranges:

         From           To      Size
         ----           --      ----
        0x1c4        0x3ff     0x23c
        0xb80     0x3'ffff  0x3'f480
  0x1fff'e9a0  0x1fff'ffff    0x1660
  0x2000'0000  0x2000'5fff    0x6000


*******************************************************************************
*** INIT TABLE
***

          Address      Size
          -------      ----
Zero (__iar_zero_init3)
    1 destination range, total size 0x191:
          0x1fff'e00c  0x191

Copy (__iar_copy_init3)
    1 source range, total size 0xc:
                0x1b8    0xc
    1 destination range, total size 0xc:
          0x1fff'e000    0xc



*******************************************************************************
*** MODULE SUMMARY
***

    Module             ro code  ro data  rw data
    ------             -------  -------  -------
command line/config:
    --------------------------------------------
    Total:

D:\test\fsoft_fresher\embedded\Assignment6_TuLT16\project\Debug\Obj\source\App: [1]
    --------------------------------------------
    Total:

D:\test\fsoft_fresher\embedded\Assignment6_TuLT16\project\Debug\Obj\source\Queue: [2]
    --------------------------------------------
    Total:

D:\test\fsoft_fresher\embedded\Assignment6_TuLT16\project\Debug\Obj\source\Srec parse: [3]
    SrecPase.o             730
    --------------------------------------------
    Total:                 730

D:\test\fsoft_fresher\embedded\Assignment6_TuLT16\project\Debug\Obj\source\UART0: [4]
    UARTO.o                724       24      409
    --------------------------------------------
    Total:                 724       24      409

D:\test\fsoft_fresher\embedded\Assignment6_TuLT16\project\Debug\Obj\startup: [5]
    startup_MKL46Z4.o      350
    system_MKL46Z4.o        12        4        4
    --------------------------------------------
    Total:                 362        4        4

dl6M_tln.a: [6]
    exit.o                   8
    low_level_init.o         4
    --------------------------------------------
    Total:                  12

rt6M_tl.a: [7]
    I32DivModFast.o        224
    IntDivZer.o              2
    cexit.o                 10
    cmain.o                 30
    copy_init3.o            48
    cstartup_M.o            28
    data_init.o             40
    strlen.o                14
    zero_init3.o            60
    --------------------------------------------
    Total:                 456

shb_l.a: [8]
    exit.o                  20
    --------------------------------------------
    Total:                  20

    Gaps                     4
    Linker created                   36    2'048
------------------------------------------------
    Grand Total:         2'308       64    2'461


*******************************************************************************
*** ENTRY LIST
***

Entry                       Address   Size  Type      Object
-----                       -------   ----  ----      ------
.iar.init_table$$Base         0xa78          --   Gb  - Linker created -
.iar.init_table$$Limit        0xa9c          --   Gb  - Linker created -
?main                         0xa9d         Code  Gb  cmain.o [7]
CSTACK$$Base            0x1fff'e1a0          --   Gb  - Linker created -
CSTACK$$Limit           0x1fff'e9a0          --   Gb  - Linker created -
ConvertChar2Hex               0x4d3   0x36  Code  Gb  SrecPase.o [3]
CopyBuffer                    0x80f   0x22  Code  Gb  UARTO.o [4]
NVIC_DisableIRQ               0x6fb    0xe  Code  Lc  UARTO.o [4]
NVIC_EnableIRQ                0x6ed    0xe  Code  Lc  UARTO.o [4]
QUEUE_get                     0x76b   0x3c  Code  Gb  UARTO.o [4]
QUEUE_insert                  0x709   0x62  Code  Gb  UARTO.o [4]
Region$$Table$$Base           0xa78          --   Gb  - Linker created -
Region$$Table$$Limit          0xa9c          --   Gb  - Linker created -
SystemCoreClock         0x1fff'e000    0x4  Data  Gb  system_MKL46Z4.o [5]
SystemInit                    0xb05    0x8  Code  Gb  system_MKL46Z4.o [5]
UART0_IRQHandler              0x7cf   0x40  Code  Gb  UARTO.o [4]
UART0_IRQHandler::index
                        0x1fff'e19c    0x1  Data  Lc  UARTO.o [4]
UART_Init                     0x831   0xec  Code  Gb  UARTO.o [4]
UART_SendString               0x7a7   0x28  Code  Gb  UARTO.o [4]
__Vectors                       0x0          --   Gb  startup_MKL46Z4.o [5]
__Vectors_End                  0xc0         Data  Gb  startup_MKL46Z4.o [5]
__Vectors_Size {Abs}           0xc0          --   Gb  startup_MKL46Z4.o [5]
__aeabi_idiv                   0xff         Code  Gb  I32DivModFast.o [7]
__aeabi_idiv0                 0x1b5         Code  Gb  IntDivZer.o [7]
__aeabi_idivmod                0xff         Code  Gb  I32DivModFast.o [7]
__aeabi_uidiv                 0x105         Code  Gb  I32DivModFast.o [7]
__aeabi_uidivmod              0x105         Code  Gb  I32DivModFast.o [7]
__cmain                       0xa9d         Code  Gb  cmain.o [7]
__exit                        0xad5   0x14  Code  Gb  exit.o [8]
__iar_copy_init3              0x9fd   0x30  Code  Gb  copy_init3.o [7]
__iar_data_init3              0xa2d   0x28  Code  Gb  data_init.o [7]
__iar_program_start           0xae9         Code  Gb  cstartup_M.o [7]
__iar_zero_init3              0x9c1   0x3c  Code  Gb  zero_init3.o [7]
__low_level_init              0xabb    0x4  Code  Gb  low_level_init.o [6]
__vector_table                  0x0         Data  Gb  startup_MKL46Z4.o [5]
__vector_table_0x1c            0x1c         Data  Gb  startup_MKL46Z4.o [5]
_call_main                    0xaa9         Code  Gb  cmain.o [7]
_exit                         0xac9         Code  Gb  cexit.o [7]
checkAddress                  0x58f   0x6e  Code  Gb  SrecPase.o [3]
checkByteCount                0x547   0x48  Code  Gb  SrecPase.o [3]
checkCheckSum                 0x655   0x96  Code  Gb  SrecPase.o [3]
checkData                     0x5fd   0x58  Code  Gb  SrecPase.o [3]
checkHexCharater              0x509   0x14  Code  Gb  SrecPase.o [3]
checkRecordStart              0x51d   0x12  Code  Gb  SrecPase.o [3]
checkRecordType               0x52f   0x18  Code  Gb  SrecPase.o [3]
exit                          0xabf    0x8  Code  Gb  exit.o [6]
g_RxBuff                0x1fff'e138   0x64  Data  Gb  UARTO.o [4]
g_first_index           0x1fff'e004    0x4  Data  Gb  UARTO.o [4]
g_last_index            0x1fff'e008    0x4  Data  Gb  UARTO.o [4]
g_queue                 0x1fff'e00c  0x12c  Data  Gb  UARTO.o [4]
main                          0x91d   0x36  Code  Gb  UARTO.o [4]
srecParse                     0x411   0xc2  Code  Gb  SrecPase.o [3]
strlen                         0xc5         Code  Gb  strlen.o [7]


[1] = D:\test\fsoft_fresher\embedded\Assignment6_TuLT16\project\Debug\Obj\source\App
[2] = D:\test\fsoft_fresher\embedded\Assignment6_TuLT16\project\Debug\Obj\source\Queue
[3] = D:\test\fsoft_fresher\embedded\Assignment6_TuLT16\project\Debug\Obj\source\Srec parse
[4] = D:\test\fsoft_fresher\embedded\Assignment6_TuLT16\project\Debug\Obj\source\UART0
[5] = D:\test\fsoft_fresher\embedded\Assignment6_TuLT16\project\Debug\Obj\startup
[6] = dl6M_tln.a
[7] = rt6M_tl.a
[8] = shb_l.a

  2'308 bytes of readonly  code memory
     64 bytes of readonly  data memory
  2'461 bytes of readwrite data memory

Errors: none
Warnings: none
