###############################################################################
#
# IAR ELF Linker V9.10.2.313/W64 for ARM                  13/Jul/2021  17:27:05
# Copyright 2007-2021 IAR Systems AB.
#
#    Output file  =
#        C:\Users\ADMINT\Desktop\hoc_fresher\Mock1\git_mock\fsoft_fresher\embedded\Mock2_TuLT16\project\Debug\Exe\Mock2_TuLT16.out
#    Map file     =
#        C:\Users\ADMINT\Desktop\hoc_fresher\Mock1\git_mock\fsoft_fresher\embedded\Mock2_TuLT16\project\Debug\List\Mock2_TuLT16.map
#    Command line =
#        -f
#        C:\Users\ADMINT\Desktop\hoc_fresher\Mock1\git_mock\fsoft_fresher\embedded\Mock2_TuLT16\project\Debug\Exe\Mock2_TuLT16.out.rsp
#        (C:\Users\ADMINT\Desktop\hoc_fresher\Mock1\git_mock\fsoft_fresher\embedded\Mock2_TuLT16\project\Debug\Obj\source\BOOT\Boot.o
#        C:\Users\ADMINT\Desktop\hoc_fresher\Mock1\git_mock\fsoft_fresher\embedded\Mock2_TuLT16\project\Debug\Obj\source\FLASH\Flash.o
#        C:\Users\ADMINT\Desktop\hoc_fresher\Mock1\git_mock\fsoft_fresher\embedded\Mock2_TuLT16\project\Debug\Obj\startup\startup_MKL46Z4.o
#        C:\Users\ADMINT\Desktop\hoc_fresher\Mock1\git_mock\fsoft_fresher\embedded\Mock2_TuLT16\project\Debug\Obj\startup\system_MKL46Z4.o
#        C:\Users\ADMINT\Desktop\hoc_fresher\Mock1\git_mock\fsoft_fresher\embedded\Mock2_TuLT16\project\Debug\Obj\source\UART\UART_driver.o
#        C:\Users\ADMINT\Desktop\hoc_fresher\Mock1\git_mock\fsoft_fresher\embedded\Mock2_TuLT16\project\Debug\Obj\source\SREC_PARSE\update_parse.o
#        C:\Users\ADMINT\Desktop\hoc_fresher\Mock1\git_mock\fsoft_fresher\embedded\Mock2_TuLT16\project\Debug\Obj\source\QUEUE\update_QUEUE.o
#        --no_out_extension -o
#        C:\Users\ADMINT\Desktop\hoc_fresher\Mock1\git_mock\fsoft_fresher\embedded\Mock2_TuLT16\project\Debug\Exe\Mock2_TuLT16.out
#        --map
#        C:\Users\ADMINT\Desktop\hoc_fresher\Mock1\git_mock\fsoft_fresher\embedded\Mock2_TuLT16\project\Debug\List\Mock2_TuLT16.map
#        --config "C:\Program Files\IAR Systems\Embedded Workbench
#        9.0\arm\config\linker\NXP\MKL46Z256xxx4.icf" --semihosting --entry
#        __iar_program_start --vfe --text_out locale)
#
###############################################################################

*******************************************************************************
*** RUNTIME MODEL ATTRIBUTES
***

CppFlavor       = *
__SystemLibrary = DLib
__dlib_version  = 6


*******************************************************************************
*** HEAP SELECTION
***

The basic heap was selected because some modules are built with
size limitations (and not runtime checking), and --advanced_heap
was not specified.


*******************************************************************************
*** PLACEMENT SUMMARY
***

"A0":  place at address 0xa000 { ro section .intvec };
"P1":  place in [from 0xa000 to 0xa3ff] |
                [from 0xa410 to 0x3'ffff] { ro };
define block CSTACK with size = 2K, alignment = 8 { };
define block HEAP with size = 4K, alignment = 8 { };
"P3":  place in [from 0x1fff'e000 to 0x1fff'ffff] |
                [from 0x2000'0000 to 0x2000'5fff] {
          rw, block CSTACK, block HEAP };
"P5":  place in [from 0x400 to 0x40f] { section FlashConfig };

No sections matched the following patterns:

  ro section application_specific_ro  in "P2|P4"
  rw section application_specific_rw  in "P2|P4"


  Section          Kind         Address   Size  Object
  -------          ----         -------   ----  ------
"P5":                                     0x10
  FlashConfig      ro code        0x400   0x10  startup_MKL46Z4.o [6]
                                - 0x410   0x10

"A0":                                     0xc0
  .intvec          ro code       0xa000   0xc0  startup_MKL46Z4.o [6]
                               - 0xa0c0   0xc0

"P1", part 1 of 2:                       0x1d8
  .text            ro code       0xa0c0  0x1d4  update_parse.o [4]
  .text            ro code       0xa294    0x2  IntDivZer.o [8]
  .text            ro code       0xa296    0x2  startup_MKL46Z4.o [6]
                               - 0xa298  0x1d8

"P1", part 2 of 2:                       0x430
  .text            ro code       0xa410   0xe0  I32DivModFast.o [8]
  .text            ro code       0xa4f0   0xc8  update_QUEUE.o [3]
  .text            ro code       0xa5b8   0x90  Boot.o [1]
  .text            ro code       0xa648   0x80  UART_driver.o [5]
  .text            ro code       0xa6c8   0x3c  zero_init3.o [8]
  .text            ro code       0xa704   0x28  data_init.o [8]
  .text            ro code       0xa72c   0x24  startup_MKL46Z4.o [6]
  .iar.init_table  const         0xa750   0x10  - Linker created -
  .text            ro code       0xa760   0x1e  cmain.o [8]
  .text            ro code       0xa77e    0x4  low_level_init.o [7]
  .text            ro code       0xa782    0x8  exit.o [7]
  .text            ro code       0xa78a    0x2  startup_MKL46Z4.o [6]
  .text            ro code       0xa78c    0xa  cexit.o [8]
  .text            ro code       0xa796    0x2  startup_MKL46Z4.o [6]
  .text            ro code       0xa798   0x14  exit.o [9]
  .text            ro code       0xa7ac   0x1c  cstartup_M.o [8]
  .text            ro code       0xa7c8    0xc  system_MKL46Z4.o [6]
  .rodata          const         0xa7d4    0x8  Boot.o [1]
  .text            ro code       0xa7dc    0x8  startup_MKL46Z4.o [6]
  .text            ro code       0xa7e4    0x8  startup_MKL46Z4.o [6]
  .text            ro code       0xa7ec    0x8  startup_MKL46Z4.o [6]
  .text            ro code       0xa7f4    0x8  startup_MKL46Z4.o [6]
  .text            ro code       0xa7fc    0x8  startup_MKL46Z4.o [6]
  .text            ro code       0xa804    0x8  startup_MKL46Z4.o [6]
  .text            ro code       0xa80c    0x8  startup_MKL46Z4.o [6]
  .text            ro code       0xa814    0x8  startup_MKL46Z4.o [6]
  .text            ro code       0xa81c    0x8  startup_MKL46Z4.o [6]
  .text            ro code       0xa824    0x8  startup_MKL46Z4.o [6]
  .text            ro code       0xa82c    0x8  startup_MKL46Z4.o [6]
  .text            ro code       0xa834    0x8  startup_MKL46Z4.o [6]
  .text            ro code       0xa83c    0x2  startup_MKL46Z4.o [6]
  .text            ro code       0xa83e    0x2  startup_MKL46Z4.o [6]
  .rodata          const         0xa840    0x0  zero_init3.o [8]
                               - 0xa840  0x430

"P3", part 1 of 2:                       0x850
  .bss             zero     0x1fff'e000  0x844  update_QUEUE.o [3]
  .bss             zero     0x1fff'e844    0x4  UART_driver.o [5]
  .bss             zero     0x1fff'e848    0x4  update_parse.o [4]
  .bss             zero     0x1fff'e84c    0x1  UART_driver.o [5]
                          - 0x1fff'e84d  0x84d

"P3", part 2 of 2:                       0x800
  CSTACK                    0x1fff'e850  0x800  <Block>
    CSTACK         uninit   0x1fff'e850  0x800  <Block tail>
                          - 0x1fff'f050  0x800

Unused ranges:

         From           To      Size
         ----           --      ----
       0xa298       0xa3ff     0x168
       0xa840     0x3'ffff  0x3'57c0
  0x1fff'f050  0x1fff'ffff     0xfb0
  0x2000'0000  0x2000'5fff    0x6000


*******************************************************************************
*** INIT TABLE
***

          Address      Size
          -------      ----
Zero (__iar_zero_init3)
    1 destination range, total size 0x84d:
          0x1fff'e000  0x84d



*******************************************************************************
*** MODULE SUMMARY
***

    Module             ro code  ro data  rw data
    ------             -------  -------  -------
command line/config:
    --------------------------------------------
    Total:

C:\Users\ADMINT\Desktop\hoc_fresher\Mock1\git_mock\fsoft_fresher\embedded\Mock2_TuLT16\project\Debug\Obj\source\BOOT: [1]
    Boot.o                 144        8
    --------------------------------------------
    Total:                 144        8

C:\Users\ADMINT\Desktop\hoc_fresher\Mock1\git_mock\fsoft_fresher\embedded\Mock2_TuLT16\project\Debug\Obj\source\FLASH: [2]
    --------------------------------------------
    Total:

C:\Users\ADMINT\Desktop\hoc_fresher\Mock1\git_mock\fsoft_fresher\embedded\Mock2_TuLT16\project\Debug\Obj\source\QUEUE: [3]
    update_QUEUE.o         200             2'116
    --------------------------------------------
    Total:                 200             2'116

C:\Users\ADMINT\Desktop\hoc_fresher\Mock1\git_mock\fsoft_fresher\embedded\Mock2_TuLT16\project\Debug\Obj\source\SREC_PARSE: [4]
    update_parse.o         468                 4
    --------------------------------------------
    Total:                 468                 4

C:\Users\ADMINT\Desktop\hoc_fresher\Mock1\git_mock\fsoft_fresher\embedded\Mock2_TuLT16\project\Debug\Obj\source\UART: [5]
    UART_driver.o          128                 5
    --------------------------------------------
    Total:                 128                 5

C:\Users\ADMINT\Desktop\hoc_fresher\Mock1\git_mock\fsoft_fresher\embedded\Mock2_TuLT16\project\Debug\Obj\startup: [6]
    startup_MKL46Z4.o      350
    system_MKL46Z4.o        12
    --------------------------------------------
    Total:                 362

dl6M_tln.a: [7]
    exit.o                   8
    low_level_init.o         4
    --------------------------------------------
    Total:                  12

rt6M_tl.a: [8]
    I32DivModFast.o        224
    IntDivZer.o              2
    cexit.o                 10
    cmain.o                 30
    cstartup_M.o            28
    data_init.o             40
    zero_init3.o            60
    --------------------------------------------
    Total:                 394

shb_l.a: [9]
    exit.o                  20
    --------------------------------------------
    Total:                  20

    Linker created                   16    2'048
------------------------------------------------
    Grand Total:         1'728       24    4'173


*******************************************************************************
*** ENTRY LIST
***

Entry                       Address   Size  Type      Object
-----                       -------   ----  ----      ------
.iar.init_table$$Base        0xa750          --   Gb  - Linker created -
.iar.init_table$$Limit       0xa760          --   Gb  - Linker created -
?main                        0xa761         Code  Gb  cmain.o [8]
CSTACK$$Base            0x1fff'e850          --   Gb  - Linker created -
CSTACK$$Limit           0x1fff'f050          --   Gb  - Linker created -
QUEUE_GetData                0xa57b   0x2c  Code  Gb  update_QUEUE.o [3]
QUEUE_GetUnuseElement        0xa515   0x2c  Code  Gb  update_QUEUE.o [3]
QUEUE_IsEmpty                0xa503   0x12  Code  Lc  update_QUEUE.o [3]
QUEUE_IsFull                 0xa4f1   0x12  Code  Lc  update_QUEUE.o [3]
QUEUE_Push                   0xa541   0x3a  Code  Gb  update_QUEUE.o [3]
Region$$Table$$Base          0xa750          --   Gb  - Linker created -
Region$$Table$$Limit         0xa760          --   Gb  - Linker created -
SystemInit                   0xa7c9    0x8  Code  Gb  system_MKL46Z4.o [6]
UART0_IRQHandler             0xa671   0x48  Code  Gb  UART_driver.o [5]
UART0_IRQHandler::index
                        0x1fff'e84c    0x1  Data  Lc  UART_driver.o [5]
UART_SendString              0xa649   0x28  Code  Gb  UART_driver.o [5]
__Vectors                    0xa000          --   Gb  startup_MKL46Z4.o [6]
__Vectors_End                0xa0c0         Data  Gb  startup_MKL46Z4.o [6]
__Vectors_Size {Abs}           0xc0          --   Gb  startup_MKL46Z4.o [6]
__aeabi_idiv                 0xa43d         Code  Gb  I32DivModFast.o [8]
__aeabi_idiv0                0xa295         Code  Gb  IntDivZer.o [8]
__aeabi_idivmod              0xa43d         Code  Gb  I32DivModFast.o [8]
__aeabi_uidiv                0xa443         Code  Gb  I32DivModFast.o [8]
__aeabi_uidivmod             0xa443         Code  Gb  I32DivModFast.o [8]
__cmain                      0xa761         Code  Gb  cmain.o [8]
__exit                       0xa799   0x14  Code  Gb  exit.o [9]
__iar_data_init3             0xa705   0x28  Code  Gb  data_init.o [8]
__iar_program_start          0xa7ad         Code  Gb  cstartup_M.o [8]
__iar_zero_init3             0xa6c9   0x3c  Code  Gb  zero_init3.o [8]
__low_level_init             0xa77f    0x4  Code  Gb  low_level_init.o [7]
__vector_table               0xa000         Data  Gb  startup_MKL46Z4.o [6]
__vector_table_0x1c          0xa01c         Data  Gb  startup_MKL46Z4.o [6]
_call_main                   0xa76d         Code  Gb  cmain.o [8]
_exit                        0xa78d         Code  Gb  cexit.o [8]
errorCount              0x1fff'e848    0x4  Data  Lc  update_parse.o [4]
exit                         0xa783    0x8  Code  Gb  exit.o [7]
main                         0xa5b9   0x90  Code  Gb  Boot.o [1]
putPtr                  0x1fff'e844    0x4  Data  Gb  UART_driver.o [5]
queueList               0x1fff'e000  0x844  Data  Lc  update_QUEUE.o [3]
srec_charToHex               0xa0c1   0x34  Code  Lc  update_parse.o [4]
srec_parse                   0xa0f5  0x198  Code  Gb  update_parse.o [4]


[1] = C:\Users\ADMINT\Desktop\hoc_fresher\Mock1\git_mock\fsoft_fresher\embedded\Mock2_TuLT16\project\Debug\Obj\source\BOOT
[2] = C:\Users\ADMINT\Desktop\hoc_fresher\Mock1\git_mock\fsoft_fresher\embedded\Mock2_TuLT16\project\Debug\Obj\source\FLASH
[3] = C:\Users\ADMINT\Desktop\hoc_fresher\Mock1\git_mock\fsoft_fresher\embedded\Mock2_TuLT16\project\Debug\Obj\source\QUEUE
[4] = C:\Users\ADMINT\Desktop\hoc_fresher\Mock1\git_mock\fsoft_fresher\embedded\Mock2_TuLT16\project\Debug\Obj\source\SREC_PARSE
[5] = C:\Users\ADMINT\Desktop\hoc_fresher\Mock1\git_mock\fsoft_fresher\embedded\Mock2_TuLT16\project\Debug\Obj\source\UART
[6] = C:\Users\ADMINT\Desktop\hoc_fresher\Mock1\git_mock\fsoft_fresher\embedded\Mock2_TuLT16\project\Debug\Obj\startup
[7] = dl6M_tln.a
[8] = rt6M_tl.a
[9] = shb_l.a

  1'728 bytes of readonly  code memory
     24 bytes of readonly  data memory
  4'173 bytes of readwrite data memory

Errors: none
Warnings: none
