###############################################################################
#
# IAR ELF Linker V9.10.2.313/W64 for ARM                  11/Jun/2021  22:41:30
# Copyright 2007-2021 IAR Systems AB.
#
#    Output file  =
#        C:\Users\ADMINT\Desktop\hoc_fresher\Mock1\git_mock\fsoft_fresher\embedded\assment1\project\Debug\Exe\LedBlinking.out
#    Map file     =
#        C:\Users\ADMINT\Desktop\hoc_fresher\Mock1\git_mock\fsoft_fresher\embedded\assment1\project\Debug\List\LedBlinking.map
#    Command line =
#        -f
#        C:\Users\ADMINT\Desktop\hoc_fresher\Mock1\git_mock\fsoft_fresher\embedded\assment1\project\Debug\Exe\LedBlinking.out.rsp
#        (C:\Users\ADMINT\Desktop\hoc_fresher\Mock1\git_mock\fsoft_fresher\embedded\assment1\project\Debug\Obj\source\main.o
#        C:\Users\ADMINT\Desktop\hoc_fresher\Mock1\git_mock\fsoft_fresher\embedded\assment1\project\Debug\Obj\startup\startup_MKL46Z4.o
#        C:\Users\ADMINT\Desktop\hoc_fresher\Mock1\git_mock\fsoft_fresher\embedded\assment1\project\Debug\Obj\startup\system_MKL46Z4.o
#        --no_out_extension -o
#        C:\Users\ADMINT\Desktop\hoc_fresher\Mock1\git_mock\fsoft_fresher\embedded\assment1\project\Debug\Exe\LedBlinking.out
#        --map
#        C:\Users\ADMINT\Desktop\hoc_fresher\Mock1\git_mock\fsoft_fresher\embedded\assment1\project\Debug\List\LedBlinking.map
#        --config "C:\Program Files\IAR Systems\Embedded Workbench
#        9.0\arm\config\linker\NXP\MKL46Z256xxx4.icf" --semihosting --entry
#        __iar_program_start --vfe --text_out locale)
#
###############################################################################

*******************************************************************************
*** RUNTIME MODEL ATTRIBUTES
***

CppFlavor       = *
__SystemLibrary = DLib
__dlib_version  = 6


*******************************************************************************
*** HEAP SELECTION
***

The basic heap was selected because some modules are built with
size limitations (and not runtime checking), and --advanced_heap
was not specified.


*******************************************************************************
*** PLACEMENT SUMMARY
***

"A0":  place at address 0x0 { ro section .intvec };
"P1":  place in [from 0x0 to 0x3ff] |
                [from 0x410 to 0x3'ffff] { ro };
define block CSTACK with size = 2K, alignment = 8 { };
define block HEAP with size = 4K, alignment = 8 { };
"P3":  place in [from 0x1fff'e000 to 0x1fff'ffff] |
                [from 0x2000'0000 to 0x2000'5fff] {
          rw, block CSTACK, block HEAP };
"P5":  place in [from 0x400 to 0x40f] { section FlashConfig };
initialize by copy { rw };

No sections matched the following patterns:

  ro section application_specific_ro  in "P2|P4"
  rw section application_specific_rw  in "P2|P4"


  Section            Kind         Address   Size  Object
  -------            ----         -------   ----  ------
"A0":                                       0xc0
  .intvec            ro code          0x0   0xc0  startup_MKL46Z4.o [2]
                                   - 0xc0   0xc0

"P1", part 1 of 2:                         0x134
  .text              ro code         0xc0   0xae  I32DivModFast.o [4]
  .text              ro code        0x16e    0x2  startup_MKL46Z4.o [2]
  .text              ro code        0x170    0x2  IntDivZer.o [4]
  .text              ro code        0x172   0x30  copy_init3.o [4]
  .text              ro code        0x1a2    0x2  startup_MKL46Z4.o [2]
  .text              ro code        0x1a4   0x28  data_init.o [4]
  .text              ro code        0x1cc   0x24  startup_MKL46Z4.o [2]
  Initializer bytes  const          0x1f0    0x4  <for P3 s0>
                                  - 0x1f4  0x134

"P5":                                       0x10
  FlashConfig        ro code        0x400   0x10  startup_MKL46Z4.o [2]
                                  - 0x410   0x10

"P1", part 2 of 2:                         0x29e
  .text              ro code        0x410  0x1a4  main.o [1]
  .iar.init_table    const          0x5b4   0x14  - Linker created -
  .text              ro code        0x5c8   0x1e  cmain.o [4]
  .text              ro code        0x5e6    0x4  low_level_init.o [3]
  .text              ro code        0x5ea    0x8  exit.o [3]
  .text              ro code        0x5f2    0x2  startup_MKL46Z4.o [2]
  .text              ro code        0x5f4    0xa  cexit.o [4]
  .text              ro code        0x5fe    0x2  startup_MKL46Z4.o [2]
  .text              ro code        0x600   0x14  exit.o [5]
  .text              ro code        0x614   0x1c  cstartup_M.o [4]
  .text              ro code        0x630    0xc  system_MKL46Z4.o [2]
  .rodata            const          0x63c    0x8  main.o [1]
  .text              ro code        0x644    0x8  startup_MKL46Z4.o [2]
  .text              ro code        0x64c    0x8  startup_MKL46Z4.o [2]
  .text              ro code        0x654    0x8  startup_MKL46Z4.o [2]
  .text              ro code        0x65c    0x8  startup_MKL46Z4.o [2]
  .text              ro code        0x664    0x8  startup_MKL46Z4.o [2]
  .text              ro code        0x66c    0x8  startup_MKL46Z4.o [2]
  .text              ro code        0x674    0x8  startup_MKL46Z4.o [2]
  .text              ro code        0x67c    0x8  startup_MKL46Z4.o [2]
  .text              ro code        0x684    0x8  startup_MKL46Z4.o [2]
  .text              ro code        0x68c    0x8  startup_MKL46Z4.o [2]
  .text              ro code        0x694    0x8  startup_MKL46Z4.o [2]
  .text              ro code        0x69c    0x8  startup_MKL46Z4.o [2]
  .text              ro code        0x6a4    0x8  startup_MKL46Z4.o [2]
  .text              ro code        0x6ac    0x2  startup_MKL46Z4.o [2]
  .rodata            const          0x6ae    0x0  copy_init3.o [4]
                                  - 0x6ae  0x29e

"P3", part 1 of 2:                           0x4
  P3 s0                       0x1fff'e000    0x4  <Init block>
    .data            inited   0x1fff'e000    0x1  main.o [1]
    .bss             inited   0x1fff'e001    0x1  main.o [1]
                            - 0x1fff'e004    0x4

"P3", part 2 of 2:                         0x800
  CSTACK                      0x1fff'e008  0x800  <Block>
    CSTACK           uninit   0x1fff'e008  0x800  <Block tail>
                            - 0x1fff'e808  0x800

Unused ranges:

         From           To      Size
         ----           --      ----
        0x1f4        0x3ff     0x20c
        0x6ae     0x3'ffff  0x3'f952
  0x1fff'e004  0x1fff'e007       0x4
  0x1fff'e808  0x1fff'ffff    0x17f8
  0x2000'0000  0x2000'5fff    0x6000


*******************************************************************************
*** INIT TABLE
***

          Address      Size
          -------      ----
Copy (__iar_copy_init3)
    1 source range, total size 0x4 (200% of destination):
                0x1f0   0x4
    1 destination range, total size 0x2:
          0x1fff'e000   0x2



*******************************************************************************
*** MODULE SUMMARY
***

    Module             ro code  ro data  rw data
    ------             -------  -------  -------
command line/config:
    --------------------------------------------
    Total:

C:\Users\ADMINT\Desktop\hoc_fresher\Mock1\git_mock\fsoft_fresher\embedded\assment1\project\Debug\Obj\source: [1]
    main.o                 420       10        2
    --------------------------------------------
    Total:                 420       10        2

C:\Users\ADMINT\Desktop\hoc_fresher\Mock1\git_mock\fsoft_fresher\embedded\assment1\project\Debug\Obj\startup: [2]
    startup_MKL46Z4.o      358
    system_MKL46Z4.o        12
    --------------------------------------------
    Total:                 370

dl6M_tln.a: [3]
    exit.o                   8
    low_level_init.o         4
    --------------------------------------------
    Total:                  12

rt6M_tl.a: [4]
    I32DivModFast.o        174
    IntDivZer.o              2
    cexit.o                 10
    cmain.o                 30
    copy_init3.o            48
    cstartup_M.o            28
    data_init.o             40
    --------------------------------------------
    Total:                 332

shb_l.a: [5]
    exit.o                  20
    --------------------------------------------
    Total:                  20

    Linker created                   22    2'048
------------------------------------------------
    Grand Total:         1'154       32    2'050


*******************************************************************************
*** ENTRY LIST
***

Entry                       Address  Size  Type      Object
-----                       -------  ----  ----      ------
.iar.init_table$$Base         0x5b4         --   Gb  - Linker created -
.iar.init_table$$Limit        0x5c8         --   Gb  - Linker created -
?main                         0x5c9        Code  Gb  cmain.o [4]
CSTACK$$Base            0x1fff'e008         --   Gb  - Linker created -
CSTACK$$Limit           0x1fff'e808         --   Gb  - Linker created -
Region$$Table$$Base           0x5b4         --   Gb  - Linker created -
Region$$Table$$Limit          0x5c8         --   Gb  - Linker created -
SystemInit                    0x631   0x8  Code  Gb  system_MKL46Z4.o [2]
__Vectors                       0x0         --   Gb  startup_MKL46Z4.o [2]
__Vectors_End                  0xc0        Data  Gb  startup_MKL46Z4.o [2]
__Vectors_Size {Abs}           0xc0         --   Gb  startup_MKL46Z4.o [2]
__aeabi_idiv0                 0x171        Code  Gb  IntDivZer.o [4]
__aeabi_uidiv                  0xc1        Code  Gb  I32DivModFast.o [4]
__aeabi_uidivmod               0xc1        Code  Gb  I32DivModFast.o [4]
__cmain                       0x5c9        Code  Gb  cmain.o [4]
__exit                        0x601  0x14  Code  Gb  exit.o [5]
__iar_copy_init3              0x173  0x30  Code  Gb  copy_init3.o [4]
__iar_data_init3              0x1a5  0x28  Code  Gb  data_init.o [4]
__iar_program_start           0x615        Code  Gb  cstartup_M.o [4]
__low_level_init              0x5e7   0x4  Code  Gb  low_level_init.o [3]
__vector_table                  0x0        Data  Gb  startup_MKL46Z4.o [2]
__vector_table_0x1c            0x1c        Data  Gb  startup_MKL46Z4.o [2]
_call_main                    0x5d5        Code  Gb  cmain.o [4]
_exit                         0x5f5        Code  Gb  cexit.o [4]
delay_ms                      0x411  0x10  Code  Gb  main.o [1]
exit                          0x5eb   0x8  Code  Gb  exit.o [3]
g_CurrentMode           0x1fff'e000   0x1  Data  Gb  main.o [1]
gen_one_pwm_period            0x421  0x3c  Code  Gb  main.o [1]
init_pin                      0x509  0x54  Code  Gb  main.o [1]
main                          0x55d  0x20  Code  Gb  main.o [1]
mode_one                      0x45d  0x52  Code  Gb  main.o [1]
mode_two                      0x4af  0x5a  Code  Gb  main.o [1]
mode_two::count         0x1fff'e001   0x1  Data  Lc  main.o [1]


[1] = C:\Users\ADMINT\Desktop\hoc_fresher\Mock1\git_mock\fsoft_fresher\embedded\assment1\project\Debug\Obj\source
[2] = C:\Users\ADMINT\Desktop\hoc_fresher\Mock1\git_mock\fsoft_fresher\embedded\assment1\project\Debug\Obj\startup
[3] = dl6M_tln.a
[4] = rt6M_tl.a
[5] = shb_l.a

  1'154 bytes of readonly  code memory
     32 bytes of readonly  data memory
  2'050 bytes of readwrite data memory

Errors: none
Warnings: none
